\BOOKMARK [1][-]{Doc-Start}{\376\377\000R\000e\000s\000u\000m\000e\000n\000\040\000E\000j\000e\000c\000u\000t\000i\000v\000o}{}% 1
\BOOKMARK [1][-]{section.1}{\376\377\000I\000n\000t\000r\000o\000d\000u\000c\000c\000i\000\363\000n}{}% 2
\BOOKMARK [2][-]{subsection.1.1}{\376\377\000C\000o\000n\000t\000e\000x\000t\000o\000\040\000d\000e\000l\000\040\000s\000e\000c\000t\000o\000r\000\040\000d\000e\000\040\000n\000u\000t\000r\000i\000c\000i\000\363\000n\000\040\000e\000n\000\040\000M\000\351\000x\000i\000c\000o}{section.1}% 3
\BOOKMARK [2][-]{subsection.1.2}{\376\377\000P\000l\000a\000n\000t\000e\000a\000m\000i\000e\000n\000t\000o\000\040\000d\000e\000l\000\040\000p\000r\000o\000b\000l\000e\000m\000a}{section.1}% 4
\BOOKMARK [2][-]{subsection.1.3}{\376\377\000O\000b\000j\000e\000t\000i\000v\000o\000s\000\040\000g\000e\000n\000e\000r\000a\000l\000\040\000y\000\040\000e\000s\000p\000e\000c\000\355\000f\000i\000c\000o\000s}{section.1}% 5
\BOOKMARK [2][-]{subsection.1.4}{\376\377\000A\000l\000c\000a\000n\000c\000e\000\040\000\050\000q\000u\000\351\000\040\000i\000n\000c\000l\000u\000y\000e\000\040\000y\000\040\000q\000u\000\351\000\040\000e\000x\000c\000l\000u\000y\000e\000\051}{section.1}% 6
\BOOKMARK [2][-]{subsection.1.5}{\376\377\000P\000r\000e\000g\000u\000n\000t\000a\000s\000\040\000g\000u\000\355\000a}{section.1}% 7
\BOOKMARK [1][-]{section.2}{\376\377\000M\000a\000r\000c\000o\000\040\000N\000o\000r\000m\000a\000t\000i\000v\000o\000:\000\040\000P\000r\000o\000t\000e\000c\000c\000i\000\363\000n\000\040\000d\000e\000\040\000D\000a\000t\000o\000s\000\040\000P\000e\000r\000s\000o\000n\000a\000l\000e\000s}{}% 8
\BOOKMARK [2][-]{subsection.2.1}{\376\377\000L\000a\000\040\000L\000e\000y\000\040\000F\000e\000d\000e\000r\000a\000l\000\040\000d\000e\000\040\000P\000r\000o\000t\000e\000c\000c\000i\000\363\000n\000\040\000d\000e\000\040\000D\000a\000t\000o\000s\000\040\000P\000e\000r\000s\000o\000n\000a\000l\000e\000s\000\040\000\050\000L\000F\000P\000D\000P\000P\000P\000\051}{section.2}% 9
\BOOKMARK [3][-]{subsubsection.2.1.1}{\376\377\000A\000n\000t\000e\000c\000e\000d\000e\000n\000t\000e\000s\000\040\000y\000\040\000o\000r\000i\000g\000e\000n}{subsection.2.1}% 10
\BOOKMARK [3][-]{subsubsection.2.1.2}{\376\377\000M\000\351\000x\000i\000c\000o\000\040\000y\000\040\000l\000a\000\040\000p\000r\000o\000t\000e\000c\000c\000i\000\363\000n\000\040\000d\000e\000\040\000d\000a\000t\000o\000s\000:\000\040\000e\000n\000t\000r\000e\000\040\000c\000o\000m\000p\000r\000o\000m\000i\000s\000o\000s\000\040\000i\000n\000t\000e\000r\000n\000a\000c\000i\000o\000n\000a\000l\000e\000s\000\040\000y\000\040\000n\000e\000c\000e\000s\000i\000d\000a\000d\000e\000s\000\040\000i\000n\000t\000e\000r\000n\000a\000s}{subsection.2.1}% 11
\BOOKMARK [3][-]{subsubsection.2.1.3}{\376\377\000E\000s\000t\000r\000u\000c\000t\000u\000r\000a\000\040\000d\000e\000\040\000l\000a\000\040\000l\000e\000y\000,\000\040\000s\000u\000j\000e\000t\000o\000s\000\040\000o\000b\000l\000i\000g\000a\000d\000o\000s\000\040\000y\000\040\000p\000r\000i\000n\000c\000i\000p\000i\000o\000s\000\040\000r\000e\000c\000t\000o\000r\000e\000s}{subsection.2.1}% 12
\BOOKMARK [3][-]{subsubsection.2.1.4}{\376\377\000S\000a\000n\000c\000i\000o\000n\000e\000s\000\040\000y\000\040\000m\000e\000c\000a\000n\000i\000s\000m\000o\000s\000\040\000d\000e\000\040\000d\000e\000n\000u\000n\000c\000i\000a\000:\000\040\000d\000e\000\040\000l\000a\000\040\000t\000e\000o\000r\000\355\000a\000\040\000a\000\040\000l\000a\000\040\000r\000e\000a\000l\000i\000d\000a\000d\000\040\000i\000n\000s\000t\000i\000t\000u\000c\000i\000o\000n\000a\000l}{subsection.2.1}% 13
\BOOKMARK [2][-]{subsection.2.2}{\376\377\000A\000n\000\341\000l\000i\000s\000i\000s\000\040\000c\000o\000m\000p\000a\000r\000a\000t\000i\000v\000o\000\040\000i\000n\000t\000e\000r\000n\000a\000c\000i\000o\000n\000a\000l\000:\000\040\000B\000r\000a\000s\000i\000l\000,\000\040\000U\000r\000u\000g\000u\000a\000y\000,\000\040\000E\000s\000t\000a\000d\000o\000s\000\040\000U\000n\000i\000d\000o\000s\000\040\000y\000\040\000A\000l\000e\000m\000a\000n\000i\000a}{section.2}% 14
\BOOKMARK [3][-]{subsubsection.2.2.1}{\376\377\000B\000r\000a\000s\000i\000l\000:\000\040\000L\000G\000P\000D\000\040\000\050\000L\000e\000i\000\040\0001\0003\000.\0007\0000\0009\000/\0002\0000\0001\0008\000\051}{subsection.2.2}% 15
\BOOKMARK [3][-]{subsubsection.2.2.2}{\376\377\000U\000r\000u\000g\000u\000a\000y\000:\000\040\000L\000e\000y\000\040\0001\0008\000.\0003\0003\0001\000/\0002\0000\0000\0008}{subsection.2.2}% 16
\BOOKMARK [3][-]{subsubsection.2.2.3}{\376\377\000E\000s\000t\000a\000d\000o\000s\000\040\000U\000n\000i\000d\000o\000s\000:\000\040\000H\000I\000P\000A\000A\000,\000\040\000H\000I\000T\000E\000C\000H\000\040\000y\000\040\000e\000l\000\040\000m\000o\000d\000e\000l\000o\000\040\000d\000e\000\040\000r\000e\000s\000p\000o\000n\000s\000a\000b\000i\000l\000i\000d\000a\000d\000\040\000c\000o\000m\000p\000a\000r\000t\000i\000d\000a}{subsection.2.2}% 17
\BOOKMARK [3][-]{subsubsection.2.2.4}{\376\377\000A\000l\000e\000m\000a\000n\000i\000a\000:\000\040\000G\000D\000P\000R\000,\000\040\000B\000D\000S\000G\000,\000\040\000P\000D\000S\000G\000\040\000y\000\040\000e\000l\000\040\000e\000s\000t\000\341\000n\000d\000a\000r\000\040\000d\000e\000\040\000n\000u\000b\000e\000\040\000e\000n\000\040\000s\000a\000l\000u\000d\000\040\000m\000\341\000s\000\040\000e\000x\000i\000g\000e\000n\000t\000e\000\040\000d\000e\000l\000\040\000m\000u\000n\000d\000o}{subsection.2.2}% 18
\BOOKMARK [3][-]{subsubsection.2.2.5}{\376\377\000C\000u\000a\000d\000r\000o\000\040\000c\000o\000m\000p\000a\000r\000a\000t\000i\000v\000o\000\040\000r\000e\000g\000i\000o\000n\000a\000l}{subsection.2.2}% 19
\BOOKMARK [2][-]{subsection.2.3}{\376\377\000A\000n\000\341\000l\000i\000s\000i\000s\000\040\000c\000r\000\355\000t\000i\000c\000o\000\040\000d\000e\000\040\000l\000a\000\040\000l\000e\000y\000\040\000m\000e\000x\000i\000c\000a\000n\000a}{section.2}% 20
\BOOKMARK [3][-]{subsubsection.2.3.1}{\376\377\000F\000o\000r\000t\000a\000l\000e\000z\000a\000s\000\040\000d\000e\000l\000\040\000m\000a\000r\000c\000o\000\040\000n\000o\000r\000m\000a\000t\000i\000v\000o\000\040\000m\000e\000x\000i\000c\000a\000n\000o}{subsection.2.3}% 21
\BOOKMARK [3][-]{subsubsection.2.3.2}{\376\377\000D\000e\000b\000i\000l\000i\000d\000a\000d\000e\000s\000:\000\040\000l\000a\000\040\000a\000m\000b\000i\000g\000\374\000e\000d\000a\000d\000\040\000t\000\351\000c\000n\000i\000c\000a\000\040\000y\000\040\000l\000a\000s\000\040\000a\000u\000s\000e\000n\000c\000i\000a\000s\000\040\000e\000s\000t\000r\000u\000c\000t\000u\000r\000a\000l\000e\000s}{subsection.2.3}% 22
\BOOKMARK [2][-]{subsection.2.4}{\376\377\000T\000r\000a\000d\000u\000c\000c\000i\000\363\000n\000\040\000d\000e\000\040\000l\000a\000\040\000l\000e\000y\000\040\000a\000\040\000r\000e\000q\000u\000e\000r\000i\000m\000i\000e\000n\000t\000o\000s\000\040\000d\000e\000\040\000s\000o\000f\000t\000w\000a\000r\000e\000:\000\040\000P\000r\000i\000v\000a\000c\000y\000\040\000b\000y\000\040\000D\000e\000s\000i\000g\000n}{section.2}% 23
\BOOKMARK [3][-]{subsubsection.2.4.1}{\376\377\000P\000r\000i\000v\000a\000c\000y\000\040\000b\000y\000\040\000D\000e\000s\000i\000g\000n\000:\000\040\000e\000l\000\040\000c\000o\000n\000c\000e\000p\000t\000o\000\040\000y\000\040\000s\000u\000\040\000r\000e\000l\000a\000c\000i\000\363\000n\000\040\000c\000o\000n\000\040\000l\000a\000\040\000L\000F\000P\000D\000P\000P\000P}{subsection.2.4}% 24
\BOOKMARK [3][-]{subsubsection.2.4.2}{\376\377\000D\000e\000\040\000a\000r\000t\000\355\000c\000u\000l\000o\000\040\000l\000e\000g\000a\000l\000\040\000a\000\040\000r\000e\000q\000u\000e\000r\000i\000m\000i\000e\000n\000t\000o\000\040\000t\000\351\000c\000n\000i\000c\000o\000:\000\040\000t\000a\000b\000l\000a\000\040\000d\000e\000\040\000t\000r\000a\000z\000a\000b\000i\000l\000i\000d\000a\000d\000\040\000n\000o\000r\000m\000a\000t\000i\000v\000a}{subsection.2.4}% 25
\BOOKMARK [3][-]{subsubsection.2.4.3}{\376\377\000R\000e\000q\000u\000e\000r\000i\000m\000i\000e\000n\000t\000o\000s\000\040\000q\000u\000e\000\040\000l\000a\000\040\000l\000e\000y\000\040\000m\000e\000x\000i\000c\000a\000n\000a\000\040\000n\000o\000\040\000e\000x\000i\000g\000e\000\040\000p\000e\000r\000o\000\040\000e\000l\000\040\000e\000s\000t\000\341\000n\000d\000a\000r\000\040\000i\000n\000t\000e\000r\000n\000a\000c\000i\000o\000n\000a\000l\000\040\000s\000\355\000:\000\040\000d\000e\000c\000i\000s\000i\000o\000n\000e\000s\000\040\000d\000e\000\040\000d\000i\000s\000e\000\361\000o\000\040\000p\000r\000o\000a\000c\000t\000i\000v\000a\000s}{subsection.2.4}% 26
\BOOKMARK [1][-]{section.3}{\376\377\000D\000i\000a\000g\000n\000\363\000s\000t\000i\000c\000o\000:\000\040\000S\000i\000t\000u\000a\000c\000i\000\363\000n\000\040\000A\000c\000t\000u\000a\000l\000\040\000d\000e\000l\000\040\000S\000e\000c\000t\000o\000r}{}% 27
\BOOKMARK [2][-]{subsection.3.1}{\376\377\000H\000\341\000b\000i\000t\000o\000s\000\040\000d\000i\000g\000i\000t\000a\000l\000e\000s\000\040\000d\000e\000l\000\040\000n\000u\000t\000r\000i\000\363\000l\000o\000g\000o\000\040\000e\000n\000\040\000M\000\351\000x\000i\000c\000o}{section.3}% 28
\BOOKMARK [3][-]{subsubsection.3.1.1}{\376\377\000D\000i\000s\000e\000\361\000o\000\040\000d\000e\000\040\000e\000n\000c\000u\000e\000s\000t\000a\000\040\000a\000\040\000n\000u\000t\000r\000i\000\363\000l\000o\000g\000o\000s}{subsection.3.1}% 29
\BOOKMARK [3][-]{subsubsection.3.1.2}{\376\377\000R\000e\000s\000u\000l\000t\000a\000d\000o\000s\000\040\000y\000\040\000m\000\351\000t\000r\000i\000c\000a\000s\000\040\000b\000a\000s\000e\000\040\000d\000e\000l\000\040\000p\000r\000o\000b\000l\000e\000m\000a}{subsection.3.1}% 30
\BOOKMARK [2][-]{subsection.3.2}{\376\377\000E\000s\000t\000u\000d\000i\000o\000\040\000d\000e\000\040\000m\000e\000r\000c\000a\000d\000o\000\040\000y\000\040\000c\000o\000m\000p\000e\000t\000e\000n\000c\000i\000a}{section.3}% 31
\BOOKMARK [3][-]{subsubsection.3.2.1}{\376\377\000S\000o\000f\000t\000w\000a\000r\000e\000s\000\040\000a\000c\000t\000u\000a\000l\000e\000s\000\040\000d\000e\000\040\000n\000u\000t\000r\000i\000c\000i\000\363\000n\000\040\000e\000n\000\040\000M\000\351\000x\000i\000c\000o}{subsection.3.2}% 32
\BOOKMARK [3][-]{subsubsection.3.2.2}{\376\377\000B\000e\000n\000c\000h\000m\000a\000r\000k\000i\000n\000g\000\040\000d\000e\000\040\000s\000e\000g\000u\000r\000i\000d\000a\000d\000:\000\040\000c\000a\000r\000e\000n\000c\000i\000a\000s\000\040\000d\000e\000\040\000l\000a\000\040\000c\000o\000m\000p\000e\000t\000e\000n\000c\000i\000a}{subsection.3.2}% 33
\BOOKMARK [3][-]{subsubsection.3.2.3}{\376\377\000D\000i\000f\000e\000r\000e\000n\000c\000i\000a\000d\000o\000r\000\040\000d\000e\000\040\000N\000u\000t\000r\000i\000A\000p\000p}{subsection.3.2}% 34
\BOOKMARK [1][-]{section.4}{\376\377\000M\000a\000r\000c\000o\000\040\000d\000e\000\040\000R\000e\000f\000e\000r\000e\000n\000c\000i\000a\000\040\000T\000\351\000c\000n\000i\000c\000o}{}% 35
\BOOKMARK [2][-]{subsection.4.1}{\376\377\000A\000r\000q\000u\000i\000t\000e\000c\000t\000u\000r\000a\000\040\000e\000n\000\040\000l\000a\000\040\000n\000u\000b\000e\000:\000\040\000c\000o\000n\000c\000e\000p\000t\000o\000s\000\040\000y\000\040\000e\000s\000t\000\341\000n\000d\000a\000r\000e\000s}{section.4}% 36
\BOOKMARK [2][-]{subsection.4.2}{\376\377\000S\000e\000g\000u\000r\000i\000d\000a\000d\000\040\000d\000e\000\040\000d\000a\000t\000o\000s\000:\000\040\000c\000i\000f\000r\000a\000d\000o\000,\000\040\000M\000F\000A\000\040\000y\000\040\000t\000r\000a\000z\000a\000b\000i\000l\000i\000d\000a\000d}{section.4}% 37
\BOOKMARK [2][-]{subsection.4.3}{\376\377\000P\000r\000i\000v\000a\000c\000y\000\040\000b\000y\000\040\000D\000e\000s\000i\000g\000n\000:\000\040\000p\000r\000i\000n\000c\000i\000p\000i\000o\000s\000\040\000y\000\040\000a\000p\000l\000i\000c\000a\000c\000i\000\363\000n\000\040\000p\000r\000\341\000c\000t\000i\000c\000a}{section.4}% 38
\BOOKMARK [2][-]{subsection.4.4}{\376\377\000E\000s\000t\000\341\000n\000d\000a\000r\000e\000s\000\040\000i\000n\000t\000e\000r\000n\000a\000c\000i\000o\000n\000a\000l\000e\000s\000\040\000a\000p\000l\000i\000c\000a\000b\000l\000e\000s\000\040\000\050\000I\000S\000O\000/\000I\000E\000C\000\040\0002\0007\0000\0000\0001\000,\000\040\000H\000I\000P\000A\000A\000\040\000c\000o\000m\000o\000\040\000r\000e\000f\000e\000r\000e\000n\000c\000i\000a\000\051}{section.4}% 39
\BOOKMARK [1][-]{section.5}{\376\377\000M\000e\000t\000o\000d\000o\000l\000o\000g\000\355\000a}{}% 40
\BOOKMARK [2][-]{subsection.5.1}{\376\377\000T\000i\000p\000o\000\040\000d\000e\000\040\000e\000s\000t\000u\000d\000i\000o\000\040\000y\000\040\000e\000n\000f\000o\000q\000u\000e\000\040\000m\000e\000t\000o\000d\000o\000l\000\363\000g\000i\000c\000o}{section.5}% 41
\BOOKMARK [2][-]{subsection.5.2}{\376\377\000I\000n\000v\000e\000s\000t\000i\000g\000a\000c\000i\000\363\000n\000\040\000d\000o\000c\000u\000m\000e\000n\000t\000a\000l\000:\000\040\000a\000n\000\341\000l\000i\000s\000i\000s\000\040\000n\000o\000r\000m\000a\000t\000i\000v\000o\000\040\000y\000\040\000b\000e\000n\000c\000h\000m\000a\000r\000k\000i\000n\000g}{section.5}% 42
\BOOKMARK [3][-]{subsubsection.5.2.1}{\376\377\000C\000r\000i\000t\000e\000r\000i\000o\000s\000\040\000d\000e\000\040\000s\000e\000l\000e\000c\000c\000i\000\363\000n\000\040\000y\000\040\000r\000e\000v\000i\000s\000i\000\363\000n\000\040\000d\000e\000l\000\040\000m\000a\000r\000c\000o\000\040\000l\000e\000g\000a\000l}{subsection.5.2}% 43
\BOOKMARK [3][-]{subsubsection.5.2.2}{\376\377\000C\000r\000i\000t\000e\000r\000i\000o\000s\000\040\000d\000e\000\040\000b\000e\000n\000c\000h\000m\000a\000r\000k\000i\000n\000g\000\040\000d\000e\000\040\000s\000o\000f\000t\000w\000a\000r\000e\000\040\000d\000e\000\040\000n\000u\000t\000r\000i\000c\000i\000\363\000n}{subsection.5.2}% 44
\BOOKMARK [2][-]{subsection.5.3}{\376\377\000I\000n\000v\000e\000s\000t\000i\000g\000a\000c\000i\000\363\000n\000\040\000d\000e\000\040\000c\000a\000m\000p\000o\000:\000\040\000e\000n\000c\000u\000e\000s\000t\000a\000s\000\040\000a\000\040\000n\000u\000t\000r\000i\000\363\000l\000o\000g\000o\000s}{section.5}% 45
\BOOKMARK [3][-]{subsubsection.5.3.1}{\376\377\000P\000o\000b\000l\000a\000c\000i\000\363\000n\000\040\000o\000b\000j\000e\000t\000i\000v\000o\000\040\000y\000\040\000c\000r\000i\000t\000e\000r\000i\000o\000s\000\040\000d\000e\000\040\000i\000n\000c\000l\000u\000s\000i\000\363\000n}{subsection.5.3}% 46
\BOOKMARK [3][-]{subsubsection.5.3.2}{\376\377\000D\000i\000s\000e\000\361\000o\000\040\000y\000\040\000v\000a\000l\000i\000d\000a\000c\000i\000\363\000n\000\040\000d\000e\000\040\000i\000n\000s\000t\000r\000u\000m\000e\000n\000t\000o\000s}{subsection.5.3}% 47
\BOOKMARK [3][-]{subsubsection.5.3.3}{\376\377\000P\000r\000o\000c\000e\000d\000i\000m\000i\000e\000n\000t\000o\000\040\000d\000e\000\040\000a\000p\000l\000i\000c\000a\000c\000i\000\363\000n\000\040\000y\000\040\000r\000e\000c\000o\000l\000e\000c\000c\000i\000\363\000n\000\040\000d\000e\000\040\000d\000a\000t\000o\000s}{subsection.5.3}% 48
\BOOKMARK [3][-]{subsubsection.5.3.4}{\376\377\000E\000s\000t\000r\000a\000t\000e\000g\000i\000a\000\040\000d\000e\000\040\000a\000n\000\341\000l\000i\000s\000i\000s\000\040\000y\000\040\000t\000r\000i\000a\000n\000g\000u\000l\000a\000c\000i\000\363\000n}{subsection.5.3}% 49
\BOOKMARK [2][-]{subsection.5.4}{\376\377\000D\000i\000s\000e\000\361\000o\000\040\000a\000r\000q\000u\000i\000t\000e\000c\000t\000\363\000n\000i\000c\000o\000\040\000b\000a\000s\000a\000d\000o\000\040\000e\000n\000\040\000e\000v\000i\000d\000e\000n\000c\000i\000a}{section.5}% 50
\BOOKMARK [3][-]{subsubsection.5.4.1}{\376\377\000T\000r\000a\000z\000a\000b\000i\000l\000i\000d\000a\000d\000:\000\040\000d\000e\000\040\000r\000e\000q\000u\000i\000s\000i\000t\000o\000\040\000l\000e\000g\000a\000l\000\040\000a\000\040\000d\000e\000c\000i\000s\000i\000\363\000n\000\040\000t\000\351\000c\000n\000i\000c\000a}{subsection.5.4}% 51
\BOOKMARK [3][-]{subsubsection.5.4.2}{\376\377\000A\000l\000c\000a\000n\000c\000e\000\040\000y\000\040\000l\000i\000m\000i\000t\000a\000c\000i\000o\000n\000e\000s\000\040\000d\000e\000l\000\040\000d\000i\000s\000e\000\361\000o\000\040\000p\000r\000o\000p\000u\000e\000s\000t\000o}{subsection.5.4}% 52
\BOOKMARK [2][-]{subsection.5.5}{\376\377\000C\000o\000n\000s\000i\000d\000e\000r\000a\000c\000i\000o\000n\000e\000s\000\040\000\351\000t\000i\000c\000a\000s\000\040\000y\000\040\000c\000o\000n\000f\000i\000d\000e\000n\000c\000i\000a\000l\000i\000d\000a\000d}{section.5}% 53
\BOOKMARK [1][-]{section.6}{\376\377\000D\000i\000s\000e\000\361\000o\000\040\000d\000e\000\040\000l\000a\000\040\000S\000o\000l\000u\000c\000i\000\363\000n}{}% 54
\BOOKMARK [2][-]{subsection.6.1}{\376\377\000I\000n\000f\000r\000a\000e\000s\000t\000r\000u\000c\000t\000u\000r\000a\000\040\000A\000W\000S\000:\000\040\000K\000M\000S\000,\000\040\000C\000o\000g\000n\000i\000t\000o\000,\000\040\000L\000a\000m\000b\000d\000a\000,\000\040\000R\000D\000S}{section.6}% 55
\BOOKMARK [2][-]{subsection.6.2}{\376\377\000D\000i\000a\000g\000r\000a\000m\000a\000s\000\040\000d\000e\000\040\000i\000n\000g\000e\000n\000i\000e\000r\000\355\000a}{section.6}% 56
\BOOKMARK [3][-]{subsubsection.6.2.1}{\376\377\000D\000i\000a\000g\000r\000a\000m\000a\000\040\000d\000e\000\040\000a\000r\000q\000u\000i\000t\000e\000c\000t\000u\000r\000a\000\040\000d\000e\000\040\000s\000e\000r\000v\000i\000c\000i\000o\000s}{subsection.6.2}% 57
\BOOKMARK [3][-]{subsubsection.6.2.2}{\376\377\000D\000i\000a\000g\000r\000a\000m\000a\000s\000\040\000U\000M\000L\000:\000\040\000c\000a\000s\000o\000s\000\040\000d\000e\000\040\000u\000s\000o\000\040\000y\000\040\000s\000e\000c\000u\000e\000n\000c\000i\000a}{subsection.6.2}% 58
\BOOKMARK [3][-]{subsubsection.6.2.3}{\376\377\000D\000i\000a\000g\000r\000a\000m\000a\000\040\000e\000n\000t\000i\000d\000a\000d\000-\000r\000e\000l\000a\000c\000i\000\363\000n}{subsection.6.2}% 59
\BOOKMARK [1][-]{section.7}{\376\377\000P\000r\000o\000p\000u\000e\000s\000t\000a\000\040\000d\000e\000l\000\040\000P\000r\000o\000d\000u\000c\000t\000o\000\040\000M\000\355\000n\000i\000m\000o\000\040\000V\000i\000a\000b\000l\000e\000\040\000\050\000M\000V\000P\000\051}{}% 60
\BOOKMARK [2][-]{subsection.7.1}{\376\377\000R\000e\000q\000u\000e\000r\000i\000m\000i\000e\000n\000t\000o\000s\000\040\000m\000\355\000n\000i\000m\000o\000s\000\040\000d\000e\000l\000\040\000s\000i\000s\000t\000e\000m\000a}{section.7}% 61
\BOOKMARK [2][-]{subsection.7.2}{\376\377\000M\000\363\000d\000u\000l\000o\000\040\000d\000e\000\040\000c\000o\000n\000s\000e\000n\000t\000i\000m\000i\000e\000n\000t\000o\000\040\000d\000i\000g\000i\000t\000a\000l\000\040\000y\000\040\000d\000e\000r\000e\000c\000h\000o\000s\000\040\000A\000R\000C\000O}{section.7}% 62
\BOOKMARK [2][-]{subsection.7.3}{\376\377\000J\000u\000s\000t\000i\000f\000i\000c\000a\000c\000i\000\363\000n\000\040\000d\000e\000l\000\040\000a\000l\000c\000a\000n\000c\000e\000\040\000d\000e\000l\000\040\000M\000V\000P}{section.7}% 63
\BOOKMARK [1][-]{section.8}{\376\377\000R\000e\000s\000u\000l\000t\000a\000d\000o\000s\000\040\000y\000\040\000A\000n\000\341\000l\000i\000s\000i\000s}{}% 64
\BOOKMARK [2][-]{subsection.8.1}{\376\377\000R\000e\000s\000u\000l\000t\000a\000d\000o\000s\000\040\000d\000e\000\040\000e\000n\000c\000u\000e\000s\000t\000a\000s\000:\000\040\000e\000v\000i\000d\000e\000n\000c\000i\000a\000\040\000d\000e\000l\000\040\000d\000e\000s\000c\000o\000n\000o\000c\000i\000m\000i\000e\000n\000t\000o}{section.8}% 65
\BOOKMARK [2][-]{subsection.8.2}{\376\377\000V\000a\000l\000i\000d\000a\000c\000i\000\363\000n\000\040\000n\000o\000r\000m\000a\000t\000i\000v\000a\000\040\000d\000e\000l\000\040\000d\000i\000s\000e\000\361\000o\000\040\000p\000r\000o\000p\000u\000e\000s\000t\000o}{section.8}% 66
\BOOKMARK [2][-]{subsection.8.3}{\376\377\000A\000n\000\341\000l\000i\000s\000i\000s\000\040\000c\000o\000s\000t\000o\000-\000b\000e\000n\000e\000f\000i\000c\000i\000o\000:\000\040\000p\000r\000e\000v\000e\000n\000c\000i\000\363\000n\000\040\000d\000e\000\040\000m\000u\000l\000t\000a\000s\000\040\000v\000s\000.\000\040\000c\000o\000s\000t\000o\000\040\000o\000p\000e\000r\000a\000t\000i\000v\000o}{section.8}% 67
\BOOKMARK [1][-]{section.9}{\376\377\000C\000o\000n\000c\000l\000u\000s\000i\000o\000n\000e\000s}{}% 68
\BOOKMARK [2][-]{subsection.9.1}{\376\377\000C\000o\000m\000p\000r\000o\000b\000a\000c\000i\000\363\000n\000\040\000d\000e\000\040\000h\000i\000p\000\363\000t\000e\000s\000i\000s}{section.9}% 69
\BOOKMARK [2][-]{subsection.9.2}{\376\377\000L\000e\000c\000c\000i\000o\000n\000e\000s\000\040\000a\000p\000r\000e\000n\000d\000i\000d\000a\000s\000\040\000y\000\040\000r\000e\000c\000o\000m\000e\000n\000d\000a\000c\000i\000o\000n\000e\000s\000\040\000p\000a\000r\000a\000\040\000e\000l\000\040\000g\000r\000e\000m\000i\000o}{section.9}% 70
\BOOKMARK [2][-]{subsection.9.3}{\376\377\000L\000i\000m\000i\000t\000a\000c\000i\000o\000n\000e\000s\000\040\000d\000e\000l\000\040\000e\000s\000t\000u\000d\000i\000o\000\040\000y\000\040\000t\000r\000a\000b\000a\000j\000o\000\040\000f\000u\000t\000u\000r\000o}{section.9}% 71
\BOOKMARK [1][-]{subsection.9.3}{\376\377\000R\000e\000f\000e\000r\000e\000n\000c\000i\000a\000s}{}% 72
\BOOKMARK [1][-]{subsection.9.3}{\376\377\000A\000n\000e\000x\000o\000s}{}% 73
